app/lib/blogData.ts(21,14): error TS1127: Invalid character.
app/lib/blogData.ts(21,15): error TS1136: Property assignment expected.
app/lib/blogData.ts(439,3): error TS1160: Unterminated template literal.
